10:18:33 **** Incremental Build of configuration Debug for project stm32f4xx_driver ****
make -j7 all 
arm-none-eabi-gcc "../Driver/Src/stm32f407xx_gpio_driver.c" -mcpu=cortex-m4 -std=gnu11 -g3 -DDEBUG -DSTM32 -DSTM32F4 -DSTM32F407VGTx -c -I../Inc -I"/Users/zarintasmin/Mahadi/GitHub/STM32F407xx_driver_development/my_workspace/stm32f4xx_driver/Driver/Inc" -O0 -ffunction-sections -fdata-sections -Wall -fstack-usage -fcyclomatic-complexity -MMD -MP -MF"Driver/Src/stm32f407xx_gpio_driver.d" -MT"Driver/Src/stm32f407xx_gpio_driver.o" --specs=nano.specs -mfpu=fpv4-sp-d16 -mfloat-abi=hard -mthumb -o "Driver/Src/stm32f407xx_gpio_driver.o"
arm-none-eabi-gcc -o "stm32f4xx_driver.elf" @"objects.list"   -mcpu=cortex-m4 -T"/Users/zarintasmin/Mahadi/GitHub/STM32F407xx_driver_development/my_workspace/stm32f4xx_driver/STM32F407VGTX_FLASH.ld" --specs=nosys.specs -Wl,-Map="stm32f4xx_driver.map" -Wl,--gc-sections -static --specs=nano.specs -mfpu=fpv4-sp-d16 -mfloat-abi=hard -mthumb -Wl,--start-group -lc -lm -Wl,--end-group
Finished building target: stm32f4xx_driver.elf
 
arm-none-eabi-size  stm32f4xx_driver.elf 
arm-none-eabi-objdump -h -S stm32f4xx_driver.elf  > "stm32f4xx_driver.list"
   text	   data	    bss	    dec	    hex	filename
    660	      0	   1568	   2228	    8b4	stm32f4xx_driver.elf
Finished building: default.size.stdout
 
Finished building: stm32f4xx_driver.list
 
